09-30 10:57:38.007 27508 27565 I ReactNativeJS: [FIX] t=1790776658007 lat=-31.648007 lon=-60.707985 acc=4.5
09-30 10:57:38.011 27508 27565 I ReactNativeJS: [DIST] t=1790776658007 total=0.00m puntos=0
09-30 10:57:38.921 27508 27565 I ReactNativeJS: [FIX] t=1790776658921 lat=-31.648060 lon=-60.707968 acc=4.5
09-30 10:57:39.907 27508 27565 I ReactNativeJS: [FIX] t=1790776659907 lat=-31.648027 lon=-60.708027 acc=4.5
09-30 10:57:40.917 27508 27565 I ReactNativeJS: [FIX] t=1790776660917 lat=-31.644758 lon=-60.710502 acc=4.5
09-30 10:57:41.942 27508 27565 I ReactNativeJS: [FIX] t=1790776661942 lat=-31.648031 lon=-60.708031 acc=4.5
09-30 10:57:42.968 27508 27565 I ReactNativeJS: [FIX] t=1790776662968 lat=-31.648002 lon=-60.708002 acc=4.5
09-30 10:57:43.924 27508 27565 I ReactNativeJS: [FIX] t=1790776663924 lat=-31.648046 lon=-60.708001 acc=4.5
09-30 10:57:44.951 27508 27565 I ReactNativeJS: [FIX] t=1790776664950 lat=-31.647994 lon=-60.707978 acc=4.5
09-30 10:57:45.908 27508 27565 I ReactNativeJS: [FIX] t=1790776665907 lat=-31.648010 lon=-60.708031 acc=4.5
09-30 10:57:46.932 27508 27565 I ReactNativeJS: [FIX] t=1790776666932 lat=-31.647993 lon=-60.708001 acc=4.5
09-30 10:57:47.959 27508 27565 I ReactNativeJS: [FIX] t=1790776667959 lat=-31.647993 lon=-60.708034 acc=4.5
09-30 10:57:48.916 27508 27565 I ReactNativeJS: [FIX] t=1790776668915 lat=-31.648015 lon=-60.708030 acc=4.5
09-30 10:57:48.916 27508 27565 I ReactNativeJS: [DIST] t=1790776668916 total=0.00m puntos=0
09-30 10:57:49.941 27508 27565 I ReactNativeJS: [FIX] t=1790776669941 lat=-31.647981 lon=-60.708026 acc=4.5
09-30 10:57:50.965 27508 27565 I ReactNativeJS: [FIX] t=1790776670965 lat=-31.648021 lon=-60.707982 acc=4.5
09-30 10:57:51.922 27508 27565 I ReactNativeJS: [FIX] t=1790776671922 lat=-31.648008 lon=-60.708002 acc=4.5
09-30 10:57:52.947 27508 27565 I ReactNativeJS: [FIX] t=1790776672947 lat=-31.648026 lon=-60.708022 acc=4.5
09-30 10:57:53.973 27508 27565 I ReactNativeJS: [FIX] t=1790776673973 lat=-31.648007 lon=-60.708004 acc=4.5
09-30 10:57:54.913 27508 27565 I ReactNativeJS: [FIX] t=1790776674913 lat=-31.648014 lon=-60.707978 acc=4.5
09-30 10:57:55.939 27508 27565 I ReactNativeJS: [FIX] t=1790776675939 lat=-31.648013 lon=-60.708035 acc=4.5
09-30 10:57:56.972 27508 27565 I ReactNativeJS: [FIX] t=1790776676972 lat=-31.648061 lon=-60.707972 acc=4.5
09-30 10:57:57.921 27508 27565 I ReactNativeJS: [FIX] t=1790776677921 lat=-31.647993 lon=-60.707956 acc=4.5
09-30 10:57:58.947 27508 27565 I ReactNativeJS: [FIX] t=1790776678946 lat=-31.648018 lon=-60.707980 acc=4.5
09-30 10:57:58.947 27508 27565 I ReactNativeJS: [DIST] t=1790776678947 total=0.00m puntos=0
09-30 10:57:59.972 27508 27565 I ReactNativeJS: [FIX] t=1790776679972 lat=-31.648018 lon=-60.708031 acc=4.5
09-30 10:58:00.929 27508 27565 I ReactNativeJS: [FIX] t=1790776680929 lat=-31.648008 lon=-60.708066 acc=4.5
09-30 10:58:08.990 27508 27565 I ReactNativeJS: [FIX] t=1790776688990 lat=-31.648037 lon=-60.707954 acc=4.5
09-30 10:58:08.991 27508 27565 I ReactNativeJS: [DIST] t=1790776688991 total=0.00m puntos=0
09-30 10:58:08.991 27508 27565 I ReactNativeJS: [FIX] t=1790776688991 lat=-31.648015 lon=-60.708010 acc=4.5
09-30 10:58:08.992 27508 27565 I ReactNativeJS: [FIX] t=1790776688991 lat=-31.648025 lon=-60.708002 acc=4.5
09-30 10:58:08.992 27508 27565 I ReactNativeJS: [FIX] t=1790776688992 lat=-31.647994 lon=-60.707999 acc=4.5
09-30 10:58:08.997 27508 27565 I ReactNativeJS: [FIX] t=1790776688992 lat=-31.647999 lon=-60.707998 acc=4.5
09-30 10:58:08.997 27508 27565 I ReactNativeJS: [FIX] t=1790776688997 lat=-31.648039 lon=-60.707971 acc=4.5
09-30 10:58:08.998 27508 27565 I ReactNativeJS: [FIX] t=1790776688998 lat=-31.648063 lon=-60.707975 acc=4.5
09-30 10:58:08.998 27508 27565 I ReactNativeJS: [FIX] t=1790776688998 lat=-31.648046 lon=-60.707899 acc=4.5
09-30 10:58:09.936 27508 27565 I ReactNativeJS: [FIX] t=1790776689936 lat=-31.648117 lon=-60.707900 acc=4.5
09-30 10:58:10.962 27508 27565 I ReactNativeJS: [FIX] t=1790776690962 lat=-31.648067 lon=-60.707930 acc=4.5
09-30 10:58:11.936 27508 27565 I ReactNativeJS: [FIX] t=1790776691936 lat=-31.648041 lon=-60.707872 acc=4.5
09-30 10:58:12.910 27508 27565 I ReactNativeJS: [FIX] t=1790776692910 lat=-31.648131 lon=-60.707914 acc=4.5
09-30 10:58:13.952 27508 27565 I ReactNativeJS: [FIX] t=1790776693952 lat=-31.648092 lon=-60.707839 acc=4.5
09-30 10:58:14.961 27508 27565 I ReactNativeJS: [FIX] t=1790776694961 lat=-31.648095 lon=-60.707834 acc=4.5
09-30 10:58:15.918 27508 27565 I ReactNativeJS: [FIX] t=1790776695918 lat=-31.648162 lon=-60.707843 acc=4.5
09-30 10:58:16.961 27508 27565 I ReactNativeJS: [FIX] t=1790776696961 lat=-31.648205 lon=-60.707812 acc=4.5
09-30 10:58:17.935 27508 27565 I ReactNativeJS: [FIX] t=1790776697935 lat=-31.648157 lon=-60.707795 acc=4.5
09-30 10:58:18.909 27508 27565 I ReactNativeJS: [FIX] t=1790776698909 lat=-31.648207 lon=-60.707773 acc=4.5
09-30 10:58:19.952 27508 27565 I ReactNativeJS: [FIX] t=1790776699951 lat=-31.648227 lon=-60.707739 acc=4.5
09-30 10:58:19.952 27508 27565 I ReactNativeJS: [DIST] t=1790776699952 total=60.16m puntos=10
09-30 10:58:20.926 27508 27565 I ReactNativeJS: [FIX] t=1790776700926 lat=-31.648219 lon=-60.707783 acc=4.5
09-30 10:58:21.952 27508 27565 I ReactNativeJS: [FIX] t=1790776701952 lat=-31.648234 lon=-60.707767 acc=4.5
09-30 10:58:22.908 27508 27565 I ReactNativeJS: [FIX] t=1790776702908 lat=-31.648266 lon=-60.707682 acc=4.5
09-30 10:58:23.934 27508 27565 I ReactNativeJS: [FIX] t=1790776703934 lat=-31.648276 lon=-60.707773 acc=4.5
09-30 10:58:24.908 27508 27565 I ReactNativeJS: [FIX] t=1790776704908 lat=-31.648287 lon=-60.707681 acc=4.5
09-30 10:58:25.951 27508 27565 I ReactNativeJS: [FIX] t=1790776705951 lat=-31.648372 lon=-60.707673 acc=4.5
09-30 10:58:26.925 27508 27565 I ReactNativeJS: [FIX] t=1790776706925 lat=-31.648364 lon=-60.707706 acc=4.5
09-30 10:58:27.968 27508 27565 I ReactNativeJS: [FIX] t=1790776707968 lat=-31.648327 lon=-60.707660 acc=4.5
09-30 10:58:28.925 27508 27565 I ReactNativeJS: [FIX] t=1790776708925 lat=-31.648396 lon=-60.707589 acc=4.5
09-30 10:58:29.967 27508 27565 I ReactNativeJS: [FIX] t=1790776709967 lat=-31.648421 lon=-60.707607 acc=4.5
09-30 10:58:29.968 27508 27565 I ReactNativeJS: [DIST] t=1790776709968 total=125.07m puntos=20
09-30 10:58:30.941 27508 27565 I ReactNativeJS: [FIX] t=1790776710941 lat=-31.648390 lon=-60.707655 acc=4.5
09-30 10:58:31.916 27508 27565 I ReactNativeJS: [FIX] t=1790776711916 lat=-31.648420 lon=-60.707542 acc=4.5
09-30 10:58:32.941 27508 27565 I ReactNativeJS: [FIX] t=1790776712941 lat=-31.648467 lon=-60.707560 acc=4.5
09-30 10:58:33.967 27508 27565 I ReactNativeJS: [FIX] t=1790776713966 lat=-31.648447 lon=-60.707523 acc=4.5
09-30 10:58:34.941 27508 27565 I ReactNativeJS: [FIX] t=1790776714941 lat=-31.648532 lon=-60.707561 acc=4.5
09-30 10:58:35.915 27508 27565 I ReactNativeJS: [FIX] t=1790776715915 lat=-31.648495 lon=-60.707482 acc=4.5
09-30 10:58:36.958 27508 27565 I ReactNativeJS: [FIX] t=1790776716957 lat=-31.648511 lon=-60.707455 acc=4.5
09-30 10:58:37.915 27508 27565 I ReactNativeJS: [FIX] t=1790776717915 lat=-31.648525 lon=-60.707451 acc=4.5
09-30 10:58:38.959 27508 27565 I ReactNativeJS: [FIX] t=1790776718959 lat=-31.648546 lon=-60.707446 acc=4.5
09-30 10:58:39.916 27508 27565 I ReactNativeJS: [FIX] t=1790776719916 lat=-31.648590 lon=-60.707380 acc=4.5
09-30 10:58:40.942 27508 27565 I ReactNativeJS: [FIX] t=1790776720942 lat=-31.646066 lon=-60.710526 acc=4.5
09-30 10:58:40.943 27508 27565 I ReactNativeJS: [DIST] t=1790776720943 total=185.17m puntos=31
09-30 10:58:40.993 27508 27565 I ReactNativeJS: [FILTER] t=1790776720993 jump=409.19m > 15m
09-30 10:58:41.968 27508 27565 I ReactNativeJS: [FIX] t=1790776721968 lat=-31.648636 lon=-60.707463 acc=4.5
09-30 10:58:42.034 27508 27565 I ReactNativeJS: [FILTER] t=1790776722033 jump=407.16m > 15m
09-30 10:58:42.925 27508 27565 I ReactNativeJS: [FIX] t=1790776722924 lat=-31.648622 lon=-60.707375 acc=4.5
09-30 10:58:43.950 27508 27565 I ReactNativeJS: [FIX] t=1790776723949 lat=-31.648695 lon=-60.707314 acc=4.5
09-30 10:58:44.907 27508 27565 I ReactNativeJS: [FIX] t=1790776724907 lat=-31.648638 lon=-60.707323 acc=4.5
09-30 10:58:45.950 27508 27565 I ReactNativeJS: [FIX] t=1790776725950 lat=-31.648743 lon=-60.707325 acc=4.5
09-30 10:58:46.975 27508 27565 I ReactNativeJS: [FIX] t=1790776726974 lat=-31.648718 lon=-60.707272 acc=4.5
09-30 10:58:47.932 27508 27565 I ReactNativeJS: [FIX] t=1790776727932 lat=-31.648664 lon=-60.707274 acc=4.5
09-30 10:58:48.957 27508 27565 I ReactNativeJS: [FIX] t=1790776728957 lat=-31.648737 lon=-60.707283 acc=4.5
09-30 10:58:49.915 27508 27565 I ReactNativeJS: [FIX] t=1790776729914 lat=-31.648757 lon=-60.707274 acc=4.5
09-30 10:58:50.940 27508 27565 I ReactNativeJS: [FIX] t=1790776730940 lat=-31.648753 lon=-60.707182 acc=4.5
09-30 10:58:51.966 27508 27565 I ReactNativeJS: [FIX] t=1790776731966 lat=-31.648771 lon=-60.707248 acc=4.5
09-30 10:58:51.967 27508 27565 I ReactNativeJS: [DIST] t=1790776731967 total=258.98m puntos=42
09-30 10:58:52.923 27508 27565 I ReactNativeJS: [FIX] t=1790776732922 lat=-31.648817 lon=-60.707200 acc=4.5
09-30 10:58:53.948 27508 27565 I ReactNativeJS: [FIX] t=1790776733948 lat=-31.648807 lon=-60.707264 acc=4.5
09-30 10:58:54.974 27508 27565 I ReactNativeJS: [FIX] t=1790776734974 lat=-31.648838 lon=-60.707168 acc=4.5
09-30 10:58:55.930 27508 27565 I ReactNativeJS: [FIX] t=1790776735930 lat=-31.648891 lon=-60.707166 acc=4.5
09-30 10:58:56.960 27508 27565 I ReactNativeJS: [FIX] t=1790776736960 lat=-31.648907 lon=-60.707143 acc=4.5
09-30 10:58:57.930 27508 27565 I ReactNativeJS: [FIX] t=1790776737930 lat=-31.648894 lon=-60.707132 acc=4.5
09-30 10:58:58.955 27508 27565 I ReactNativeJS: [FIX] t=1790776738954 lat=-31.648899 lon=-60.707051 acc=4.5
09-30 10:58:59.947 27508 27565 I ReactNativeJS: [FIX] t=1790776739947 lat=-31.648949 lon=-60.707122 acc=4.5
09-30 10:59:00.973 27508 27565 I ReactNativeJS: [FIX] t=1790776740973 lat=-31.649003 lon=-60.707034 acc=4.5
09-30 10:59:01.930 27508 27565 I ReactNativeJS: [FIX] t=1790776741930 lat=-31.648957 lon=-60.707089 acc=4.5
09-30 10:59:02.971 27508 27565 I ReactNativeJS: [FIX] t=1790776742971 lat=-31.648950 lon=-60.707017 acc=4.5
09-30 10:59:02.972 27508 27565 I ReactNativeJS: [DIST] t=1790776742972 total=332.86m puntos=53
09-30 10:59:03.945 27508 27565 I ReactNativeJS: [FIX] t=1790776743945 lat=-31.649016 lon=-60.707084 acc=4.5
09-30 10:59:04.920 27508 27565 I ReactNativeJS: [FIX] t=1790776744920 lat=-31.649065 lon=-60.707070 acc=4.5
09-30 10:59:05.946 27508 27565 I ReactNativeJS: [FIX] t=1790776745946 lat=-31.648994 lon=-60.706975 acc=4.5
09-30 10:59:06.971 27508 27565 I ReactNativeJS: [FIX] t=1790776746971 lat=-31.649052 lon=-60.706975 acc=4.5
09-30 10:59:07.963 27508 27565 I ReactNativeJS: [FIX] t=1790776747963 lat=-31.649086 lon=-60.706905 acc=4.5
09-30 10:59:08.920 27508 27565 I ReactNativeJS: [FIX] t=1790776748919 lat=-31.649110 lon=-60.706893 acc=4.5
09-30 10:59:09.963 27508 27565 I ReactNativeJS: [FIX] t=1790776749962 lat=-31.649115 lon=-60.706908 acc=4.5
09-30 10:59:10.936 27508 27565 I ReactNativeJS: [FIX] t=1790776750936 lat=-31.649111 lon=-60.706923 acc=4.5
09-30 10:59:11.927 27508 27565 I ReactNativeJS: [FIX] t=1790776751927 lat=-31.649155 lon=-60.706834 acc=4.5
09-30 10:59:12.909 27508 27565 I ReactNativeJS: [FIX] t=1790776752909 lat=-31.649128 lon=-60.706849 acc=4.5
09-30 10:59:13.943 27508 27565 I ReactNativeJS: [FIX] t=1790776753943 lat=-31.649184 lon=-60.706833 acc=4.5
09-30 10:59:13.944 27508 27565 I ReactNativeJS: [DIST] t=1790776753944 total=399.57m puntos=64
09-30 10:59:14.969 27508 27565 I ReactNativeJS: [FIX] t=1790776754969 lat=-31.649219 lon=-60.706820 acc=4.5
09-30 10:59:15.944 27508 27565 I ReactNativeJS: [FIX] t=1790776755944 lat=-31.649243 lon=-60.706800 acc=4.5
09-30 10:59:16.919 27508 27565 I ReactNativeJS: [FIX] t=1790776756919 lat=-31.649239 lon=-60.706845 acc=4.5
09-30 10:59:17.944 27508 27565 I ReactNativeJS: [FIX] t=1790776757944 lat=-31.649253 lon=-60.706748 acc=4.5
09-30 10:59:18.926 27508 27565 I ReactNativeJS: [FIX] t=1790776758926 lat=-31.649285 lon=-60.706693 acc=4.5
09-30 10:59:19.909 27508 27565 I ReactNativeJS: [FIX] t=1790776759909 lat=-31.649296 lon=-60.706725 acc=4.5
09-30 10:59:20.951 27508 27565 I ReactNativeJS: [FIX] t=1790776760951 lat=-31.649299 lon=-60.706650 acc=4.5
09-30 10:59:21.909 27508 27565 I ReactNativeJS: [FIX] t=1790776761909 lat=-31.649301 lon=-60.706699 acc=4.5
09-30 10:59:22.976 27508 27565 I ReactNativeJS: [FIX] t=1790776762976 lat=-31.649327 lon=-60.706657 acc=4.5
09-30 10:59:23.959 27508 27565 I ReactNativeJS: [FIX] t=1790776763959 lat=-31.649357 lon=-60.706655 acc=4.5
09-30 10:59:23.960 27508 27565 I ReactNativeJS: [DIST] t=1790776763960 total=449.98m puntos=74
09-30 10:59:24.918 27508 27565 I ReactNativeJS: [FIX] t=1790776764917 lat=-31.649316 lon=-60.706665 acc=4.5
09-30 10:59:25.943 27508 27565 I ReactNativeJS: [FIX] t=1790776765943 lat=-31.649348 lon=-60.706626 acc=4.5
09-30 10:59:26.934 27508 27565 I ReactNativeJS: [FIX] t=1790776766934 lat=-31.649415 lon=-60.706616 acc=4.5
09-30 10:59:27.910 27508 27565 I ReactNativeJS: [FIX] t=1790776767910 lat=-31.649416 lon=-60.706603 acc=4.5
09-30 10:59:28.935 27508 27565 I ReactNativeJS: [FIX] t=1790776768934 lat=-31.649434 lon=-60.706598 acc=4.5
09-30 10:59:29.959 27508 27565 I ReactNativeJS: [FIX] t=1790776769959 lat=-31.649466 lon=-60.706640 acc=4.5
09-30 10:59:30.924 27508 27565 I ReactNativeJS: [FIX] t=1790776770924 lat=-31.649498 lon=-60.706508 acc=4.5
09-30 10:59:31.943 27508 27565 I ReactNativeJS: [FIX] t=1790776771943 lat=-31.649526 lon=-60.706523 acc=4.5
09-30 10:59:32.968 27508 27565 I ReactNativeJS: [FIX] t=1790776772968 lat=-31.649514 lon=-60.706529 acc=4.5
09-30 10:59:33.925 27508 27565 I ReactNativeJS: [FIX] t=1790776773925 lat=-31.649508 lon=-60.706486 acc=4.5
09-30 10:59:34.954 27508 27565 I ReactNativeJS: [FIX] t=1790776774954 lat=-31.649582 lon=-60.706468 acc=4.5
09-30 10:59:34.955 27508 27565 I ReactNativeJS: [DIST] t=1790776774955 total=506.26m puntos=85
09-30 10:59:35.908 27508 27565 I ReactNativeJS: [FIX] t=1790776775908 lat=-31.649572 lon=-60.706392 acc=4.5
09-30 10:59:36.934 27508 27565 I ReactNativeJS: [FIX] t=1790776776934 lat=-31.649611 lon=-60.706418 acc=4.5
09-30 10:59:39.736 27508 27565 I ReactNativeJS: [GAP] abriendo gap desde fix 1790776776935-qg7ids63
09-30 10:59:39.838 27508 27565 I ReactNativeJS: [GAP] abierto id=gap_1790776779736_t6jms90s
09-30 11:00:07.969 27508 27565 I ReactNativeJS: [FIX] t=1790776807969 lat=-31.650185 lon=-60.705955 acc=4.5
09-30 11:00:07.970 27508 27565 I ReactNativeJS: [DIST] t=1790776807970 total=595.97m puntos=88
09-30 11:00:08.093 27508 27565 I ReactNativeJS: [GAP] cerrado id=gap_1790776779736_t6jms90s duracion=31000ms
09-30 11:00:08.962 27508 27565 I ReactNativeJS: [FIX] t=1790776808962 lat=-31.650178 lon=-60.705990 acc=4.5
09-30 11:00:09.918 27508 27565 I ReactNativeJS: [FIX] t=1790776809918 lat=-31.650232 lon=-60.705978 acc=4.5
09-30 11:00:10.943 27508 27565 I ReactNativeJS: [FIX] t=1790776810943 lat=-31.650229 lon=-60.705950 acc=4.5
09-30 11:00:11.970 27508 27565 I ReactNativeJS: [FIX] t=1790776811970 lat=-31.650257 lon=-60.705942 acc=4.5
09-30 11:00:12.926 27508 27565 I ReactNativeJS: [FIX] t=1790776812926 lat=-31.650285 lon=-60.705963 acc=4.5
09-30 11:00:13.951 27508 27565 I ReactNativeJS: [FIX] t=1790776813951 lat=-31.650306 lon=-60.705969 acc=4.5
09-30 11:00:14.910 27508 27565 I ReactNativeJS: [FIX] t=1790776814910 lat=-31.650331 lon=-60.705936 acc=4.5
09-30 11:00:15.951 27508 27565 I ReactNativeJS: [FIX] t=1790776815951 lat=-31.650384 lon=-60.705927 acc=4.5
09-30 11:00:16.909 27508 27565 I ReactNativeJS: [FIX] t=1790776816908 lat=-31.650371 lon=-60.705986 acc=4.5
09-30 11:00:17.916 27508 27565 I ReactNativeJS: [FIX] t=1790776817916 lat=-31.650423 lon=-60.705925 acc=4.5
09-30 11:00:18.959 27508 27565 I ReactNativeJS: [FIX] t=1790776818959 lat=-31.650397 lon=-60.705969 acc=4.5
09-30 11:00:18.960 27508 27565 I ReactNativeJS: [DIST] t=1790776818960 total=646.52m puntos=99
09-30 11:00:19.916 27508 27565 I ReactNativeJS: [FIX] t=1790776819916 lat=-31.650424 lon=-60.705896 acc=4.5
09-30 11:00:20.942 27508 27565 I ReactNativeJS: [FIX] t=1790776820941 lat=-31.650471 lon=-60.706017 acc=4.5
09-30 11:00:21.951 27508 27565 I ReactNativeJS: [FIX] t=1790776821950 lat=-31.650493 lon=-60.706011 acc=4.5
09-30 11:00:22.946 27508 27565 I ReactNativeJS: [FIX] t=1790776822944 lat=-31.650463 lon=-60.706041 acc=4.5
09-30 11:00:23.933 27508 27565 I ReactNativeJS: [FIX] t=1790776823933 lat=-31.650568 lon=-60.706008 acc=4.5
09-30 11:00:24.907 27508 27565 I ReactNativeJS: [FIX] t=1790776824907 lat=-31.650579 lon=-60.705975 acc=4.5
09-30 11:00:25.920 27508 27565 I ReactNativeJS: [FIX] t=1790776825920 lat=-31.650551 lon=-60.706072 acc=4.5
09-30 11:00:26.926 27508 27565 I ReactNativeJS: [FIX] t=1790776826926 lat=-31.650609 lon=-60.706073 acc=4.5
09-30 11:00:27.915 27508 27565 I ReactNativeJS: [FIX] t=1790776827915 lat=-31.650581 lon=-60.706118 acc=4.5
09-30 11:00:28.923 27508 27565 I ReactNativeJS: [FIX] t=1790776828923 lat=-31.650663 lon=-60.706110 acc=4.5
09-30 11:00:29.949 27508 27565 I ReactNativeJS: [FIX] t=1790776829949 lat=-31.650677 lon=-60.706127 acc=4.5
09-30 11:00:29.949 27508 27565 I ReactNativeJS: [DIST] t=1790776829949 total=721.97m puntos=110
09-30 11:00:30.923 27508 27565 I ReactNativeJS: [FIX] t=1790776830923 lat=-31.650664 lon=-60.706207 acc=4.5
09-30 11:00:31.948 27508 27565 I ReactNativeJS: [FIX] t=1790776831948 lat=-31.650737 lon=-60.706118 acc=4.5
09-30 11:00:32.931 27508 27565 I ReactNativeJS: [FIX] t=1790776832931 lat=-31.650694 lon=-60.706122 acc=4.5
09-30 11:00:33.949 27508 27565 I ReactNativeJS: [FIX] t=1790776833949 lat=-31.650688 lon=-60.706250 acc=4.5
09-30 11:00:34.926 27508 27565 I ReactNativeJS: [FIX] t=1790776834926 lat=-31.650725 lon=-60.706225 acc=4.5
09-30 11:00:35.965 27508 27565 I ReactNativeJS: [FIX] t=1790776835965 lat=-31.650746 lon=-60.706238 acc=4.5
09-30 11:00:36.945 27508 27565 I ReactNativeJS: [FIX] t=1790776836945 lat=-31.650764 lon=-60.706251 acc=4.5
09-30 11:00:37.965 27508 27565 I ReactNativeJS: [FIX] t=1790776837965 lat=-31.650780 lon=-60.706238 acc=4.5
09-30 11:00:38.922 27508 27565 I ReactNativeJS: [FIX] t=1790776838922 lat=-31.650795 lon=-60.706316 acc=4.5
09-30 11:00:39.947 27508 27565 I ReactNativeJS: [FIX] t=1790776839947 lat=-31.650805 lon=-60.706292 acc=4.5
09-30 11:00:40.973 27508 27565 I ReactNativeJS: [FIX] t=1790776840972 lat=-31.650829 lon=-60.706346 acc=4.5
09-30 11:00:40.973 27508 27565 I ReactNativeJS: [DIST] t=1790776840973 total=785.99m puntos=121
09-30 11:00:41.949 27508 27565 I ReactNativeJS: [FIX] t=1790776841949 lat=-31.650853 lon=-60.706313 acc=4.5
09-30 11:00:42.922 27508 27565 I ReactNativeJS: [FIX] t=1790776842922 lat=-31.650900 lon=-60.706381 acc=4.5
09-30 11:00:43.966 27508 27565 I ReactNativeJS: [FIX] t=1790776843966 lat=-31.650858 lon=-60.706378 acc=4.5
09-30 11:00:44.925 27508 27565 I ReactNativeJS: [FIX] t=1790776844925 lat=-31.650924 lon=-60.706341 acc=4.5
09-30 11:00:45.965 27508 27565 I ReactNativeJS: [FIX] t=1790776845964 lat=-31.650917 lon=-60.706405 acc=4.5
09-30 11:00:46.923 27508 27565 I ReactNativeJS: [FIX] t=1790776846923 lat=-31.650970 lon=-60.706436 acc=4.5
09-30 11:00:47.963 27508 27565 I ReactNativeJS: [FIX] t=1790776847963 lat=-31.650941 lon=-60.706424 acc=4.5
09-30 11:00:48.921 27508 27565 I ReactNativeJS: [FIX] t=1790776848920 lat=-31.650981 lon=-60.706526 acc=4.5
09-30 11:00:49.947 27508 27565 I ReactNativeJS: [FIX] t=1790776849947 lat=-31.651046 lon=-60.706491 acc=4.5
09-30 11:00:50.913 27508 27565 I ReactNativeJS: [FIX] t=1790776850913 lat=-31.651034 lon=-60.706526 acc=4.5
09-30 11:00:51.930 27508 27565 I ReactNativeJS: [FIX] t=1790776851930 lat=-31.650993 lon=-60.706515 acc=4.5
09-30 11:00:51.930 27508 27565 I ReactNativeJS: [DIST] t=1790776851930 total=854.26m puntos=132
09-30 11:00:52.972 27508 27565 I ReactNativeJS: [FIX] t=1790776852972 lat=-31.651100 lon=-60.706519 acc=4.5
09-30 11:00:53.947 27508 27565 I ReactNativeJS: [FIX] t=1790776853947 lat=-31.651074 lon=-60.706537 acc=4.5
09-30 11:00:54.942 27508 27565 I ReactNativeJS: [FIX] t=1790776854942 lat=-31.651092 lon=-60.706547 acc=4.5
09-30 11:00:55.964 27508 27565 I ReactNativeJS: [FIX] t=1790776855963 lat=-31.651135 lon=-60.706591 acc=4.5
09-30 11:00:56.921 27508 27565 I ReactNativeJS: [FIX] t=1790776856921 lat=-31.651174 lon=-60.706582 acc=4.5
09-30 11:00:57.963 27508 27565 I ReactNativeJS: [FIX] t=1790776857963 lat=-31.651157 lon=-60.706573 acc=4.5
09-30 11:00:58.938 27508 27565 I ReactNativeJS: [FIX] t=1790776858938 lat=-31.651152 lon=-60.706668 acc=4.5
09-30 11:00:59.912 27508 27565 I ReactNativeJS: [FIX] t=1790776859911 lat=-31.651195 lon=-60.706631 acc=4.5
09-30 11:01:00.959 27508 27565 I ReactNativeJS: [FIX] t=1790776860959 lat=-31.651171 lon=-60.706738 acc=4.5
09-30 11:01:01.910 27508 27565 I ReactNativeJS: [FIX] t=1790776861909 lat=-31.651151 lon=-60.706716 acc=4.5
09-30 11:01:02.935 27508 27565 I ReactNativeJS: [FIX] t=1790776862935 lat=-31.651277 lon=-60.706680 acc=4.5
09-30 11:01:02.936 27508 27565 I ReactNativeJS: [DIST] t=1790776862936 total=927.46m puntos=143
09-30 11:01:03.911 27508 27565 I ReactNativeJS: [FIX] t=1790776863911 lat=-31.651245 lon=-60.706700 acc=4.5
09-30 11:01:04.940 27508 27565 I ReactNativeJS: [FIX] t=1790776864940 lat=-31.651258 lon=-60.706756 acc=4.5
09-30 11:01:05.962 27508 27565 I ReactNativeJS: [FIX] t=1790776865962 lat=-31.651307 lon=-60.706717 acc=4.5
09-30 11:01:06.919 27508 27565 I ReactNativeJS: [FIX] t=1790776866919 lat=-31.651285 lon=-60.706802 acc=4.5
09-30 11:01:07.962 27508 27565 I ReactNativeJS: [FIX] t=1790776867962 lat=-31.651353 lon=-60.706774 acc=4.5
09-30 11:01:08.919 27508 27565 I ReactNativeJS: [FIX] t=1790776868919 lat=-31.651327 lon=-60.706784 acc=4.5
09-30 11:01:09.944 27508 27565 I ReactNativeJS: [FIX] t=1790776869943 lat=-31.651365 lon=-60.706739 acc=4.5
09-30 11:01:10.917 27508 27565 I ReactNativeJS: [FIX] t=1790776870917 lat=-31.651424 lon=-60.706831 acc=4.5
09-30 11:01:11.944 27508 27565 I ReactNativeJS: [FIX] t=1790776871944 lat=-31.651424 lon=-60.706854 acc=4.5
09-30 11:01:12.973 27508 27565 I ReactNativeJS: [FIX] t=1790776872973 lat=-31.651414 lon=-60.706889 acc=4.5
09-30 11:01:12.973 27508 27565 I ReactNativeJS: [DIST] t=1790776872973 total=985.81m puntos=153
09-30 11:01:13.944 27508 27565 I ReactNativeJS: [FIX] t=1790776873943 lat=-31.651389 lon=-60.706848 acc=4.5
09-30 11:01:14.969 27508 27565 I ReactNativeJS: [FIX] t=1790776874969 lat=-31.651438 lon=-60.706895 acc=4.5
09-30 11:01:15.926 27508 27565 I ReactNativeJS: [FIX] t=1790776875926 lat=-31.651463 lon=-60.706960 acc=4.5
09-30 11:01:16.950 27508 27565 I ReactNativeJS: [FIX] t=1790776876950 lat=-31.651437 lon=-60.706928 acc=4.5
09-30 11:01:17.909 27508 27565 I ReactNativeJS: [FIX] t=1790776877909 lat=-31.651482 lon=-60.706995 acc=4.5
09-30 11:01:18.970 27508 27565 I ReactNativeJS: [FIX] t=1790776878970 lat=-31.651538 lon=-60.706958 acc=4.5
09-30 11:01:19.926 27508 27565 I ReactNativeJS: [FIX] t=1790776879926 lat=-31.651574 lon=-60.707065 acc=4.5
09-30 11:01:20.972 27508 27565 I ReactNativeJS: [FIX] t=1790776880972 lat=-31.651567 lon=-60.706987 acc=4.5
09-30 11:01:21.943 27508 27565 I ReactNativeJS: [FIX] t=1790776881943 lat=-31.651555 lon=-60.707078 acc=4.5
09-30 11:01:22.917 27508 27565 I ReactNativeJS: [FIX] t=1790776882917 lat=-31.651630 lon=-60.707048 acc=4.5
09-30 11:01:23.960 27508 27565 I ReactNativeJS: [FIX] t=1790776883960 lat=-31.651595 lon=-60.707093 acc=4.5
09-30 11:01:23.961 27508 27565 I ReactNativeJS: [DIST] t=1790776883961 total=1065.37m puntos=164
09-30 11:01:24.917 27508 27565 I ReactNativeJS: [FIX] t=1790776884917 lat=-31.651630 lon=-60.707012 acc=4.5
09-30 11:01:25.960 27508 27565 I ReactNativeJS: [FIX] t=1790776885960 lat=-31.651633 lon=-60.707108 acc=4.5
09-30 11:01:26.935 27508 27565 I ReactNativeJS: [FIX] t=1790776886935 lat=-31.652840 lon=-60.707005 acc=4.5
09-30 11:01:27.008 27508 27565 I ReactNativeJS: [FILTER] t=1790776887008 jump=134.59m > 15m
09-30 11:01:27.908 27508 27565 I ReactNativeJS: [FIX] t=1790776887908 lat=-31.651677 lon=-60.707117 acc=4.5
09-30 11:01:27.984 27508 27565 I ReactNativeJS: [FILTER] t=1790776887984 jump=129.75m > 15m
09-30 11:01:28.936 27508 27565 I ReactNativeJS: [FIX] t=1790776888936 lat=-31.651686 lon=-60.707188 acc=4.5
09-30 11:01:29.907 27508 27565 I ReactNativeJS: [FIX] t=1790776889907 lat=-31.651655 lon=-60.707157 acc=4.5
09-30 11:01:30.955 27508 27565 I ReactNativeJS: [FIX] t=1790776890955 lat=-31.651758 lon=-60.707179 acc=4.5
09-30 11:01:31.924 27508 27565 I ReactNativeJS: [FIX] t=1790776891924 lat=-31.651746 lon=-60.707244 acc=4.5
09-30 11:01:32.949 27508 27565 I ReactNativeJS: [FIX] t=1790776892949 lat=-31.651744 lon=-60.707211 acc=4.5
09-30 11:01:33.977 27508 27565 I ReactNativeJS: [FIX] t=1790776893977 lat=-31.651805 lon=-60.707310 acc=4.5
09-30 11:01:33.978 27508 27565 I ReactNativeJS: [DIST] t=1790776893978 total=1126.70m puntos=174
09-30 11:01:34.933 27508 27565 I ReactNativeJS: [FIX] t=1790776894932 lat=-31.651802 lon=-60.707302 acc=4.5
09-30 11:01:35.956 27508 27565 I ReactNativeJS: [FIX] t=1790776895956 lat=-31.651831 lon=-60.707284 acc=4.5
09-30 11:01:36.916 27508 27565 I ReactNativeJS: [FIX] t=1790776896916 lat=-31.651834 lon=-60.707324 acc=4.5
09-30 11:01:37.957 27508 27565 I ReactNativeJS: [FIX] t=1790776897957 lat=-31.651877 lon=-60.707320 acc=4.5
09-30 11:01:38.948 27508 27565 I ReactNativeJS: [FIX] t=1790776898948 lat=-31.651893 lon=-60.707305 acc=4.5
09-30 11:01:39.922 27508 27565 I ReactNativeJS: [FIX] t=1790776899922 lat=-31.651876 lon=-60.707374 acc=4.5
09-30 11:01:40.908 27508 27565 I ReactNativeJS: [FIX] t=1790776900908 lat=-31.651933 lon=-60.707345 acc=4.5
09-30 11:01:41.939 27508 27565 I ReactNativeJS: [FIX] t=1790776901939 lat=-31.651978 lon=-60.707363 acc=4.5
09-30 11:01:42.930 27508 27565 I ReactNativeJS: [FIX] t=1790776902929 lat=-31.651948 lon=-60.707393 acc=4.5
09-30 11:01:43.955 27508 27565 I ReactNativeJS: [FIX] t=1790776903955 lat=-31.651964 lon=-60.707392 acc=4.5
09-30 11:01:44.913 27508 27565 I ReactNativeJS: [FIX] t=1790776904913 lat=-31.651999 lon=-60.707440 acc=4.5
09-30 11:01:44.914 27508 27565 I ReactNativeJS: [DIST] t=1790776904914 total=1172.55m puntos=184
09-30 11:01:45.956 27508 27565 I ReactNativeJS: [FIX] t=1790776905956 lat=-31.652016 lon=-60.707444 acc=4.5
09-30 11:01:46.929 27508 27565 I ReactNativeJS: [FIX] t=1790776906929 lat=-31.652026 lon=-60.707438 acc=4.5
09-30 11:01:47.955 27508 27565 I ReactNativeJS: [FIX] t=1790776907955 lat=-31.652040 lon=-60.707499 acc=4.5
09-30 11:01:48.940 27508 27565 I ReactNativeJS: [FIX] t=1790776908940 lat=-31.652094 lon=-60.707509 acc=4.5
09-30 11:01:49.955 27508 27565 I ReactNativeJS: [FIX] t=1790776909955 lat=-31.652093 lon=-60.707492 acc=4.5
09-30 11:01:50.913 27508 27565 I ReactNativeJS: [FIX] t=1790776910913 lat=-31.652024 lon=-60.707559 acc=4.5
09-30 11:01:51.936 27508 27565 I ReactNativeJS: [FIX] t=1790776911936 lat=-31.652122 lon=-60.707539 acc=4.5
09-30 11:01:52.912 27508 27565 I ReactNativeJS: [FIX] t=1790776912912 lat=-31.652173 lon=-60.707498 acc=4.5
09-30 11:01:53.938 27508 27565 I ReactNativeJS: [FIX] t=1790776913938 lat=-31.652121 lon=-60.707563 acc=4.5
09-30 11:01:54.963 27508 27565 I ReactNativeJS: [FIX] t=1790776914963 lat=-31.652202 lon=-60.707623 acc=4.5
09-30 11:01:54.964 27508 27565 I ReactNativeJS: [DIST] t=1790776914964 total=1236.45m puntos=194
09-30 11:01:55.938 27508 27565 I ReactNativeJS: [FIX] t=1790776915938 lat=-31.652232 lon=-60.707628 acc=4.5
09-30 11:01:56.967 27508 27565 I ReactNativeJS: [FIX] t=1790776916967 lat=-31.652176 lon=-60.707602 acc=4.5
09-30 11:01:57.920 27508 27565 I ReactNativeJS: [FIX] t=1790776917920 lat=-31.652219 lon=-60.707680 acc=4.5
09-30 11:01:58.962 27508 27565 I ReactNativeJS: [FIX] t=1790776918962 lat=-31.652198 lon=-60.707698 acc=4.5
09-30 11:01:59.937 27508 27565 I ReactNativeJS: [FIX] t=1790776919937 lat=-31.652264 lon=-60.707770 acc=4.5
09-30 11:02:00.911 27508 27565 I ReactNativeJS: [FIX] t=1790776920911 lat=-31.652231 lon=-60.707745 acc=4.5
09-30 11:02:01.937 27508 27565 I ReactNativeJS: [FIX] t=1790776921937 lat=-31.652252 lon=-60.707755 acc=4.5
09-30 11:02:02.961 27508 27565 I ReactNativeJS: [FIX] t=1790776922961 lat=-31.652307 lon=-60.707736 acc=4.5
09-30 11:02:03.920 27508 27565 I ReactNativeJS: [FIX] t=1790776923919 lat=-31.652313 lon=-60.707784 acc=4.5
09-30 11:02:04.945 27508 27565 I ReactNativeJS: [FIX] t=1790776924945 lat=-31.652375 lon=-60.707816 acc=4.5
09-30 11:02:05.920 27508 27565 I ReactNativeJS: [FIX] t=1790776925919 lat=-31.652320 lon=-60.707760 acc=4.5
09-30 11:02:05.920 27508 27565 I ReactNativeJS: [DIST] t=1790776925920 total=1301.93m puntos=205
09-30 11:02:06.962 27508 27565 I ReactNativeJS: [FIX] t=1790776926962 lat=-31.652362 lon=-60.707901 acc=4.5
09-30 11:02:07.918 27508 27565 I ReactNativeJS: [FIX] t=1790776927918 lat=-31.652421 lon=-60.707828 acc=4.5
09-30 11:02:08.959 27508 27565 I ReactNativeJS: [FIX] t=1790776928959 lat=-31.652358 lon=-60.707848 acc=4.5
09-30 11:02:09.935 27508 27565 I ReactNativeJS: [FIX] t=1790776929935 lat=-31.652462 lon=-60.707876 acc=4.5
09-30 11:02:10.965 27508 27565 I ReactNativeJS: [FIX] t=1790776930965 lat=-31.652457 lon=-60.707869 acc=4.5
09-30 11:02:11.936 27508 27565 I ReactNativeJS: [FIX] t=1790776931935 lat=-31.652421 lon=-60.707874 acc=4.5
09-30 11:02:12.960 27508 27565 I ReactNativeJS: [FIX] t=1790776932960 lat=-31.652494 lon=-60.707938 acc=4.5
09-30 11:02:13.919 27508 27565 I ReactNativeJS: [FIX] t=1790776933919 lat=-31.652524 lon=-60.707940 acc=4.5
09-30 11:02:14.943 27508 27565 I ReactNativeJS: [FIX] t=1790776934943 lat=-31.652512 lon=-60.708012 acc=4.5
09-30 11:02:15.918 27508 27565 I ReactNativeJS: [FIX] t=1790776935917 lat=-31.652538 lon=-60.708000 acc=4.5
09-30 11:02:16.960 27508 27565 I ReactNativeJS: [FIX] t=1790776936960 lat=-31.652573 lon=-60.708022 acc=4.5
09-30 11:02:16.961 27508 27565 I ReactNativeJS: [DIST] t=1790776936961 total=1377.58m puntos=216
09-30 11:02:17.917 27508 27565 I ReactNativeJS: [FIX] t=1790776937917 lat=-31.652559 lon=-60.708018 acc=4.5
09-30 11:02:18.942 27508 27565 I ReactNativeJS: [FIX] t=1790776938942 lat=-31.652568 lon=-60.708064 acc=4.5
09-30 11:02:19.968 27508 27565 I ReactNativeJS: [FIX] t=1790776939967 lat=-31.652589 lon=-60.708044 acc=4.5
09-30 11:02:20.943 27508 27565 I ReactNativeJS: [FIX] t=1790776940943 lat=-31.652599 lon=-60.708060 acc=4.5
09-30 11:02:21.967 27508 27565 I ReactNativeJS: [FIX] t=1790776941967 lat=-31.652665 lon=-60.708054 acc=4.5
09-30 11:02:22.924 27508 27565 I ReactNativeJS: [FIX] t=1790776942924 lat=-31.652685 lon=-60.708109 acc=4.5
09-30 11:02:23.948 27508 27565 I ReactNativeJS: [FIX] t=1790776943948 lat=-31.652656 lon=-60.708137 acc=4.5
09-30 11:02:24.907 27508 27565 I ReactNativeJS: [FIX] t=1790776944907 lat=-31.652686 lon=-60.708101 acc=4.5
09-30 11:02:25.934 27508 27565 I ReactNativeJS: [FIX] t=1790776945934 lat=-31.652691 lon=-60.708165 acc=4.5
09-30 11:02:26.909 27508 27565 I ReactNativeJS: [FIX] t=1790776946909 lat=-31.652706 lon=-60.708100 acc=4.5
09-30 11:02:27.950 27508 27565 I ReactNativeJS: [FIX] t=1790776947950 lat=-31.652760 lon=-60.708170 acc=4.5
09-30 11:02:27.951 27508 27565 I ReactNativeJS: [DIST] t=1790776947951 total=1432.06m puntos=227
09-30 11:02:28.976 27508 27565 I ReactNativeJS: [FIX] t=1790776948975 lat=-31.652796 lon=-60.708214 acc=4.5
09-30 11:02:29.933 27508 27565 I ReactNativeJS: [FIX] t=1790776949932 lat=-31.652778 lon=-60.708197 acc=4.5
09-30 11:02:30.959 27508 27565 I ReactNativeJS: [FIX] t=1790776950959 lat=-31.652761 lon=-60.708215 acc=4.5
09-30 11:02:31.932 27508 27565 I ReactNativeJS: [FIX] t=1790776951932 lat=-31.652831 lon=-60.708246 acc=4.5
09-30 11:02:32.908 27508 27565 I ReactNativeJS: [FIX] t=1790776952908 lat=-31.652868 lon=-60.708206 acc=4.5
09-30 11:02:33.947 27508 27565 I ReactNativeJS: [FIX] t=1790776953947 lat=-31.652841 lon=-60.708323 acc=4.5
09-30 11:02:34.927 27508 27565 I ReactNativeJS: [FIX] t=1790776954927 lat=-31.652871 lon=-60.708275 acc=4.5
09-30 11:02:35.929 27508 27565 I ReactNativeJS: [FIX] t=1790776955929 lat=-31.652949 lon=-60.708303 acc=4.5
09-30 11:02:36.972 27508 27565 I ReactNativeJS: [FIX] t=1790776956972 lat=-31.652936 lon=-60.708356 acc=4.5
09-30 11:02:39.245 27508 27565 I ReactNativeJS: [GAP] abriendo gap desde fix 1790776956973-sgb3t14s
09-30 11:02:39.335 27508 27565 I ReactNativeJS: [GAP] abierto id=gap_1790776959246_63h9s3ka
